[0/2] Re-checking globbed directories...
[1/390] Building CXX object src/core/CMakeFiles/libcore-obj.dir/model/breakpoint.cc.o
[2/390] Building CXX object src/core/CMakeFiles/libcore-obj.dir/model/int64x64-128.cc.o
[3/390] Building CXX object src/core/CMakeFiles/libcore-obj.dir/model/make-event.cc.o
[4/390] Building CXX object src/core/CMakeFiles/libcore-obj.dir/model/event-impl.cc.o
[5/390] Building CXX object src/core/CMakeFiles/libcore-obj.dir/model/example-as-test.cc.o
[6/390] Building CXX object src/core/CMakeFiles/libcore-obj.dir/model/scheduler.cc.o
[7/390] Building CXX object src/core/CMakeFiles/libcore-obj.dir/model/attribute-construction-list.cc.o
[8/390] Building CXX object src/core/CMakeFiles/libcore-obj.dir/model/event-id.cc.o
[9/390] Building CXX object src/core/CMakeFiles/libcore-obj.dir/model/rng-seed-manager.cc.o
[10/390] Building CXX object src/core/CMakeFiles/libcore-obj.dir/model/watchdog.cc.o
[11/390] Building CXX object src/core/CMakeFiles/libcore-obj.dir/model/rng-stream.cc.o
[12/390] Building CXX object src/core/CMakeFiles/libcore-obj.dir/model/timer.cc.o
[13/390] Building CXX object src/bridge/CMakeFiles/libbridge-obj.dir/model/bridge-channel.cc.o
[14/390] Building CXX object src/core/CMakeFiles/libcore-obj.dir/helper/csv-reader.cc.o
[15/390] Building CXX object src/core/CMakeFiles/libcore-obj.dir/model/simulator-impl.cc.o
[16/390] Building CXX object src/applications/CMakeFiles/libapplications-obj.dir/helper/three-gpp-http-helper.cc.o
[17/390] Building CXX object src/core/CMakeFiles/libcore-obj.dir/helper/event-garbage-collector.cc.o
[18/390] Building CXX object src/core/CMakeFiles/libcore-obj.dir/model/map-scheduler.cc.o
[19/390] Building CXX object src/applications/CMakeFiles/libapplications-obj.dir/helper/udp-echo-helper.cc.o
[20/390] Building CXX object src/core/CMakeFiles/libcore-obj.dir/model/environment-variable.cc.o
[21/390] Building CXX object src/core/CMakeFiles/libcore-obj.dir/model/unix-fd-reader.cc.o
[22/390] Building CXX object src/core/CMakeFiles/libcore-obj.dir/helper/random-variable-stream-helper.cc.o
[23/390] Building CXX object src/applications/CMakeFiles/libapplications-obj.dir/model/seq-ts-size-header.cc.o
[24/390] Building CXX object src/core/CMakeFiles/libcore-obj.dir/model/list-scheduler.cc.o
[25/390] Building CXX object src/core/CMakeFiles/libcore-obj.dir/model/synchronizer.cc.o
[26/390] Building CXX object src/core/CMakeFiles/libcore-obj.dir/model/default-simulator-impl.cc.o
[27/390] Building CXX object src/core/CMakeFiles/libcore-obj.dir/model/object.cc.o
[28/390] Building CXX object src/applications/CMakeFiles/libapplications-obj.dir/model/seq-ts-echo-header.cc.o
[29/390] Building CXX object src/core/CMakeFiles/libcore-obj.dir/model/boolean.cc.o
[30/390] Building CXX object src/core/CMakeFiles/libcore-obj.dir/model/heap-scheduler.cc.o
[31/390] Building CXX object src/core/CMakeFiles/libcore-obj.dir/model/attribute.cc.o
[32/390] Building CXX object src/core/CMakeFiles/libcore-obj.dir/model/priority-queue-scheduler.cc.o
[33/390] Building CXX object src/applications/CMakeFiles/libapplications-obj.dir/model/seq-ts-header.cc.o
[34/390] Building CXX object src/applications/CMakeFiles/libapplications-obj.dir/model/three-gpp-http-variables.cc.o
[35/390] Building CXX object src/core/CMakeFiles/libcore-obj.dir/model/integer.cc.o
[36/390] Building CXX object src/applications/CMakeFiles/libapplications-obj.dir/model/packet-loss-counter.cc.o
[37/390] Building CXX object src/core/CMakeFiles/libcore-obj.dir/model/object-base.cc.o
[38/390] Building CXX object src/applications/CMakeFiles/libapplications-obj.dir/helper/packet-sink-helper.cc.o
[39/390] Building CXX object src/applications/CMakeFiles/libapplications-obj.dir/helper/bulk-send-helper.cc.o
[40/390] Building CXX object src/applications/CMakeFiles/libapplications-obj.dir/model/three-gpp-http-header.cc.o
[41/390] Building CXX object src/core/CMakeFiles/libcore-obj.dir/model/uinteger.cc.o
[42/390] Building CXX object src/core/CMakeFiles/libcore-obj.dir/model/int64x64.cc.o
[43/390] Building CXX object src/core/CMakeFiles/libcore-obj.dir/model/calendar-scheduler.cc.o
[44/390] Building CXX object src/core/CMakeFiles/libcore-obj.dir/model/hash-function.cc.o
[45/390] Building CXX object src/applications/CMakeFiles/libapplications-obj.dir/helper/on-off-helper.cc.o
[46/390] Building CXX object src/applications/CMakeFiles/libapplications-obj.dir/helper/udp-client-server-helper.cc.o
[47/390] Building CXX object src/core/CMakeFiles/libcore-obj.dir/model/ascii-file.cc.o
[48/390] Building CXX object src/core/CMakeFiles/libcore-obj.dir/model/string.cc.o
[49/390] Building CXX object src/bridge/CMakeFiles/libbridge-obj.dir/helper/bridge-helper.cc.o
[50/390] Building CXX object src/core/CMakeFiles/libcore-obj.dir/model/fatal-impl.cc.o
[51/390] Building CXX object src/core/CMakeFiles/libcore-obj.dir/model/hash.cc.o
[52/390] Building CXX object src/core/CMakeFiles/libcore-obj.dir/model/hash-murmur3.cc.o
[53/390] Building CXX object src/core/CMakeFiles/libcore-obj.dir/model/hash-fnv.cc.o
[54/390] Building CXX object src/core/CMakeFiles/libcore-obj.dir/model/log.cc.o
[55/390] Building CXX object src/flow-monitor/CMakeFiles/libflow-monitor-obj.dir/model/flow-classifier.cc.o
[56/390] Building CXX object src/core/CMakeFiles/libcore-obj.dir/model/system-wall-clock-ms.cc.o
[57/390] Building CXX object src/core/CMakeFiles/libcore-obj.dir/model/trace-source-accessor.cc.o
[58/390] Building CXX object src/core/CMakeFiles/libcore-obj.dir/model/simulator.cc.o
[59/390] Building CXX object src/core/CMakeFiles/libcore-obj.dir/model/pointer.cc.o
[60/390] Building CXX object src/core/CMakeFiles/libcore-obj.dir/model/double.cc.o
[61/390] Building CXX object src/core/CMakeFiles/libcore-obj.dir/model/enum.cc.o
[62/390] Building CXX object src/core/CMakeFiles/libcore-obj.dir/model/time.cc.o
[63/390] Building CXX object src/core/CMakeFiles/libcore-obj.dir/model/object-ptr-container.cc.o
[64/390] Building CXX object src/core/CMakeFiles/libcore-obj.dir/model/time-printer.cc.o
[65/390] Building CXX object src/core/CMakeFiles/libcore-obj.dir/model/test.cc.o
[66/390] Building CXX object src/core/CMakeFiles/libcore-obj.dir/model/callback.cc.o
[67/390] Building CXX object src/core/CMakeFiles/libcore-obj.dir/model/global-value.cc.o
[68/390] Building CXX object src/core/CMakeFiles/libcore-obj.dir/model/object-factory.cc.o
[69/390] Building CXX object src/core/CMakeFiles/libcore-obj.dir/model/vector.cc.o
[70/390] Building CXX object src/applications/CMakeFiles/libapplications-obj.dir/model/udp-trace-client.cc.o
[71/390] Building CXX object src/applications/CMakeFiles/libapplications-obj.dir/model/udp-server.cc.o
[72/390] Building CXX object src/core/CMakeFiles/libcore-obj.dir/model/wall-clock-synchronizer.cc.o
[73/390] Building CXX object src/core/CMakeFiles/libcore-obj.dir/model/node-printer.cc.o
[74/390] Building CXX object src/applications/CMakeFiles/libapplications-obj.dir/model/udp-client.cc.o
[75/390] Building CXX object src/core/CMakeFiles/libcore-obj.dir/model/des-metrics.cc.o
[76/390] Building CXX object src/applications/CMakeFiles/libapplications-obj.dir/model/udp-echo-server.cc.o
[77/390] Building CXX object src/core/CMakeFiles/libcore-obj.dir/model/matrix-array.cc.o
[78/390] Building CXX object src/core/CMakeFiles/libcore-obj.dir/model/names.cc.o
[79/390] Building CXX object src/internet/CMakeFiles/libinternet-obj.dir/helper/ipv4-list-routing-helper.cc.o
[80/390] Building CXX object src/internet/CMakeFiles/libinternet-obj.dir/helper/ipv4-global-routing-helper.cc.o
[81/390] Building CXX object src/core/CMakeFiles/libcore-obj.dir/model/show-progress.cc.o
[82/390] Building CXX object src/core/CMakeFiles/libcore-obj.dir/model/config.cc.o
[83/390] Building CXX object src/flow-monitor/CMakeFiles/libflow-monitor-obj.dir/model/flow-probe.cc.o
[84/390] Building CXX object src/core/CMakeFiles/libcore-obj.dir/model/trickle-timer.cc.o
[85/390] Building CXX object src/core/CMakeFiles/libcore-obj.dir/model/random-variable-stream.cc.o
[86/390] Building CXX object src/internet/CMakeFiles/libinternet-obj.dir/helper/ipv4-interface-container.cc.o
[87/390] Building CXX object src/internet/CMakeFiles/libinternet-obj.dir/helper/ipv4-static-routing-helper.cc.o
[88/390] Building CXX object src/applications/CMakeFiles/libapplications-obj.dir/model/bulk-send-application.cc.o
[89/390] Building CXX object src/internet/CMakeFiles/libinternet-obj.dir/helper/ipv6-list-routing-helper.cc.o
[90/390] Building CXX object src/flow-monitor/CMakeFiles/libflow-monitor-obj.dir/helper/flow-monitor-helper.cc.o
[91/390] Building CXX object src/internet/CMakeFiles/libinternet-obj.dir/model/ip-l4-protocol.cc.o
[92/390] Building CXX object src/internet/CMakeFiles/libinternet-obj.dir/helper/ipv6-routing-helper.cc.o
[93/390] Building CXX object src/internet/CMakeFiles/libinternet-obj.dir/model/arp-queue-disc-item.cc.o
[94/390] Building CXX object src/internet/CMakeFiles/libinternet-obj.dir/model/candidate-queue.cc.o
[95/390] Building CXX object src/applications/CMakeFiles/libapplications-obj.dir/model/application-packet-probe.cc.o
[96/390] Building CXX object src/internet/CMakeFiles/libinternet-obj.dir/helper/ipv6-static-routing-helper.cc.o
[97/390] Building CXX object src/internet/CMakeFiles/libinternet-obj.dir/model/ipv4-interface-address.cc.o
[98/390] Building CXX object src/internet/CMakeFiles/libinternet-obj.dir/helper/ipv4-address-helper.cc.o
[99/390] Building CXX object src/internet/CMakeFiles/libinternet-obj.dir/model/arp-header.cc.o
[100/390] Building CXX object src/internet/CMakeFiles/libinternet-obj.dir/model/global-route-manager.cc.o
[101/390] Building CXX object src/flow-monitor/CMakeFiles/libflow-monitor-obj.dir/model/flow-monitor.cc.o
[102/390] Building CXX object src/internet/CMakeFiles/libinternet-obj.dir/helper/internet-trace-helper.cc.o
[103/390] Building CXX object src/internet/CMakeFiles/libinternet-obj.dir/helper/ipv4-routing-helper.cc.o
[104/390] Building CXX object src/flow-monitor/CMakeFiles/libflow-monitor-obj.dir/model/ipv6-flow-classifier.cc.o
[105/390] Building CXX object src/internet/CMakeFiles/libinternet-obj.dir/model/ipv4-address-generator.cc.o
[106/390] Building CXX object src/internet/CMakeFiles/libinternet-obj.dir/helper/ipv6-interface-container.cc.o
[107/390] Building CXX object contrib/opengym/CMakeFiles/libopengym-obj.dir/model/spaces.cc.o
[108/390] Building CXX object src/core/CMakeFiles/libcore-obj.dir/model/realtime-simulator-impl.cc.o
[109/390] Building CXX object src/applications/CMakeFiles/libapplications-obj.dir/model/packet-sink.cc.o
[110/390] Building CXX object src/bridge/CMakeFiles/libbridge-obj.dir/model/bridge-net-device.cc.o
[111/390] Building CXX object src/core/CMakeFiles/libcore-obj.dir/model/type-id.cc.o
[112/390] Building CXX object src/internet/CMakeFiles/libinternet-obj.dir/model/ipv4-end-point.cc.o
[113/390] Building CXX object src/internet/CMakeFiles/libinternet-obj.dir/model/ipv4-end-point-demux.cc.o
[114/390] Building CXX object src/internet/CMakeFiles/libinternet-obj.dir/model/ipv4-raw-socket-factory.cc.o
[115/390] Building CXX object contrib/opengym/CMakeFiles/libopengym-obj.dir/model/container.cc.o
[116/390] Building CXX object src/core/CMakeFiles/libcore-obj.dir/model/command-line.cc.o
[117/390] Building CXX object src/internet/CMakeFiles/libinternet-obj.dir/model/ipv4-packet-info-tag.cc.o
[118/390] Building CXX object contrib/opengym/CMakeFiles/libopengym-obj.dir/model/opengym_interface.cc.o
[119/390] Building CXX object src/applications/CMakeFiles/libapplications-obj.dir/model/onoff-application.cc.o
[120/390] Building CXX object contrib/opengym/examples/CMakeFiles/lark-tcp.dir/lark-tcp/tcp-lark.cc.o
[121/390] Building CXX object src/flow-monitor/CMakeFiles/libflow-monitor-obj.dir/model/ipv4-flow-classifier.cc.o
[122/390] Building CXX object src/internet/CMakeFiles/libinternet-obj.dir/helper/rip-helper.cc.o
[123/390] Building CXX object src/internet/CMakeFiles/libinternet-obj.dir/model/ipv4-packet-filter.cc.o
[124/390] Building CXX object src/internet/CMakeFiles/libinternet-obj.dir/model/ipv4-routing-table-entry.cc.o
[125/390] Building CXX object src/applications/CMakeFiles/libapplications-obj.dir/model/three-gpp-http-client.cc.o
[126/390] Building CXX object src/applications/CMakeFiles/libapplications-obj.dir/model/udp-echo-client.cc.o
[127/390] Building CXX object src/internet/CMakeFiles/libinternet-obj.dir/model/ipv4-raw-socket-factory-impl.cc.o
[128/390] Building CXX object src/internet/CMakeFiles/libinternet-obj.dir/model/ipv6-interface-address.cc.o
[129/390] Building CXX object src/internet/CMakeFiles/libinternet-obj.dir/model/ipv4-header.cc.o
[130/390] Building CXX object src/internet/CMakeFiles/libinternet-obj.dir/helper/ripng-helper.cc.o
[131/390] Building CXX object src/internet/CMakeFiles/libinternet-obj.dir/model/icmpv4.cc.o
[132/390] Building CXX object src/internet/CMakeFiles/libinternet-obj.dir/model/ipv6-header.cc.o
[133/390] Building CXX object contrib/opengym/examples/CMakeFiles/lark-tcp.dir/lark-tcp/tcp-lark-env.cc.o
[134/390] Building CXX object src/internet/CMakeFiles/libinternet-obj.dir/model/ipv6-end-point.cc.o
[135/390] Building CXX object src/internet/CMakeFiles/libinternet-obj.dir/model/ipv4-route.cc.o
[136/390] Building CXX object src/internet/CMakeFiles/libinternet-obj.dir/model/ipv4-queue-disc-item.cc.o
[137/390] Building CXX object src/internet/CMakeFiles/libinternet-obj.dir/model/ipv4.cc.o
[138/390] Building CXX object src/internet/CMakeFiles/libinternet-obj.dir/model/ipv4-routing-protocol.cc.o
[139/390] Building CXX object src/flow-monitor/CMakeFiles/libflow-monitor-obj.dir/model/ipv4-flow-probe.cc.o
[140/390] Building CXX object src/internet/CMakeFiles/libinternet-obj.dir/model/ipv6-address-generator.cc.o
[141/390] Building CXX object src/internet/CMakeFiles/libinternet-obj.dir/helper/ipv6-address-helper.cc.o
[142/390] Building CXX object src/internet/CMakeFiles/libinternet-obj.dir/model/ipv6-option-header.cc.o
[143/390] Building CXX object src/internet/CMakeFiles/libinternet-obj.dir/model/arp-cache.cc.o
[144/390] Building CXX object src/core/CMakeFiles/libcore-obj.dir/model/length.cc.o
[145/390] Building CXX object src/internet/CMakeFiles/libinternet-obj.dir/model/ipv6-packet-info-tag.cc.o
[146/390] Building CXX object src/internet/CMakeFiles/libinternet-obj.dir/model/ipv6-routing-table-entry.cc.o
[147/390] Building CXX object src/internet/CMakeFiles/libinternet-obj.dir/model/ipv6-raw-socket-factory.cc.o
[148/390] Building CXX object contrib/opengym/examples/CMakeFiles/lark-tcp.dir/rl-tcp/tcp-rl.cc.o
[149/390] Building CXX object src/internet/CMakeFiles/libinternet-obj.dir/model/ipv6-autoconfigured-prefix.cc.o
[150/390] Building CXX object contrib/opengym/examples/CMakeFiles/lark-tcp.dir/rl-tcp/tcp-rl-env.cc.o
[151/390] Building CXX object src/internet/CMakeFiles/libinternet-obj.dir/model/ipv6-packet-filter.cc.o
[152/390] Building CXX object src/internet/CMakeFiles/libinternet-obj.dir/model/ipv6-routing-protocol.cc.o
[153/390] Building CXX object src/internet/CMakeFiles/libinternet-obj.dir/model/ipv6-option.cc.o
[154/390] Building CXX object src/internet/CMakeFiles/libinternet-obj.dir/model/ipv4-global-routing.cc.o
[155/390] Building CXX object src/internet/CMakeFiles/libinternet-obj.dir/model/ipv4-raw-socket-impl.cc.o
[156/390] Building CXX object src/internet/CMakeFiles/libinternet-obj.dir/model/ipv6-raw-socket-factory-impl.cc.o
[157/390] Building CXX object src/internet/CMakeFiles/libinternet-obj.dir/model/ipv6.cc.o
[158/390] Building CXX object src/internet/CMakeFiles/libinternet-obj.dir/model/ipv6-queue-disc-item.cc.o
[159/390] Building CXX object src/internet/CMakeFiles/libinternet-obj.dir/model/ipv6-extension-header.cc.o
[160/390] Building CXX object src/internet/CMakeFiles/libinternet-obj.dir/model/ipv6-route.cc.o
[161/390] Building CXX object contrib/opengym/CMakeFiles/libopengym-obj.dir/model/opengym_env.cc.o
[162/390] Building CXX object src/internet/CMakeFiles/libinternet-obj.dir/model/icmpv4-l4-protocol.cc.o
[163/390] Building CXX object src/internet/CMakeFiles/libinternet-obj.dir/model/ipv6-end-point-demux.cc.o
[164/390] Building CXX object src/internet/CMakeFiles/libinternet-obj.dir/model/ipv6-extension-demux.cc.o
[165/390] Building CXX object src/internet/CMakeFiles/libinternet-obj.dir/model/ipv6-option-demux.cc.o
[166/390] Building CXX object src/internet/CMakeFiles/libinternet-obj.dir/model/loopback-net-device.cc.o
[167/390] Building CXX object src/internet/CMakeFiles/libinternet-obj.dir/model/ipv6-pmtu-cache.cc.o
[168/390] Building CXX object src/internet/CMakeFiles/libinternet-obj.dir/model/icmpv6-header.cc.o
[169/390] Building CXX object src/internet/CMakeFiles/libinternet-obj.dir/model/rtt-estimator.cc.o
[170/390] Building CXX object src/applications/CMakeFiles/libapplications-obj.dir/model/three-gpp-http-server.cc.o
[171/390] Building CXX object src/internet/CMakeFiles/libinternet-obj.dir/model/ripng-header.cc.o
[172/390] Building CXX object src/internet/CMakeFiles/libinternet-obj.dir/model/ipv4-list-routing.cc.o
[173/390] Building CXX object src/internet/CMakeFiles/libinternet-obj.dir/model/tcp-header.cc.o
[174/390] Building CXX object src/internet/CMakeFiles/libinternet-obj.dir/helper/neighbor-cache-helper.cc.o
[175/390] Building CXX object src/internet/CMakeFiles/libinternet-obj.dir/model/tcp-option-rfc793.cc.o
[176/390] Building CXX object src/internet/CMakeFiles/libinternet-obj.dir/model/tcp-option-sack-permitted.cc.o
[177/390] Building CXX object src/internet/CMakeFiles/libinternet-obj.dir/model/rip-header.cc.o
[178/390] Building CXX object src/internet/CMakeFiles/libinternet-obj.dir/model/ipv4-interface.cc.o
[179/390] Building CXX object src/internet/CMakeFiles/libinternet-obj.dir/model/tcp-option-winscale.cc.o
[180/390] Building CXX object src/internet/CMakeFiles/libinternet-obj.dir/model/tcp-congestion-ops.cc.o
[181/390] Building CXX object src/flow-monitor/CMakeFiles/libflow-monitor-obj.dir/model/ipv6-flow-probe.cc.o
[182/390] Building CXX object src/internet/CMakeFiles/libinternet-obj.dir/model/tcp-option-ts.cc.o
[183/390] Building CXX object src/internet/CMakeFiles/libinternet-obj.dir/model/tcp-option.cc.o
[184/390] Building CXX object src/internet/CMakeFiles/libinternet-obj.dir/model/global-router-interface.cc.o
[185/390] Building CXX object src/core/CMakeFiles/libcore-obj.dir/model/system-path.cc.o
[186/390] Building CXX object src/internet/CMakeFiles/libinternet-obj.dir/model/ipv6-list-routing.cc.o
[187/390] Building CXX object src/internet/CMakeFiles/libinternet-obj.dir/model/tcp-lp.cc.o
[188/390] Building CXX object src/internet/CMakeFiles/libinternet-obj.dir/model/ipv4-static-routing.cc.o
[189/390] Building CXX object src/internet/CMakeFiles/libinternet-obj.dir/model/tcp-socket-factory.cc.o
[190/390] Building CXX object src/internet/CMakeFiles/libinternet-obj.dir/model/tcp-socket-factory-impl.cc.o
[191/390] Building CXX object src/internet/CMakeFiles/libinternet-obj.dir/model/ipv6-interface.cc.o
[192/390] Building CXX object src/internet/CMakeFiles/libinternet-obj.dir/model/udp-socket-factory.cc.o
[193/390] Building CXX object src/internet/CMakeFiles/libinternet-obj.dir/model/tcp-htcp.cc.o
[194/390] Building CXX object src/internet/CMakeFiles/libinternet-obj.dir/model/tcp-illinois.cc.o
[195/390] Building CXX object src/internet/CMakeFiles/libinternet-obj.dir/model/udp-header.cc.o
[196/390] Building CXX object src/mobility/CMakeFiles/libmobility-obj.dir/model/box.cc.o
[197/390] Building CXX object src/internet/CMakeFiles/libinternet-obj.dir/model/tcp-linux-reno.cc.o
[198/390] Building CXX object src/internet/CMakeFiles/libinternet-obj.dir/model/tcp-option-sack.cc.o
[199/390] Building CXX object src/internet/CMakeFiles/libinternet-obj.dir/model/tcp-recovery-ops.cc.o
[200/390] Building CXX object src/internet/CMakeFiles/libinternet-obj.dir/model/tcp-prr-recovery.cc.o
[201/390] Building CXX object src/internet/CMakeFiles/libinternet-obj.dir/model/tcp-ledbat.cc.o
[202/390] Building CXX object src/internet/CMakeFiles/libinternet-obj.dir/model/ipv4-packet-probe.cc.o
[203/390] Building CXX object src/internet/CMakeFiles/libinternet-obj.dir/model/tcp-bic.cc.o
[204/390] Building CXX object src/internet/CMakeFiles/libinternet-obj.dir/model/udp-socket-factory-impl.cc.o
[205/390] Building CXX object src/internet/CMakeFiles/libinternet-obj.dir/model/tcp-highspeed.cc.o
[206/390] Building CXX object src/internet/CMakeFiles/libinternet-obj.dir/model/ipv6-raw-socket-impl.cc.o
[207/390] Building CXX object src/internet/CMakeFiles/libinternet-obj.dir/model/ipv6-packet-probe.cc.o
[208/390] Building CXX object src/mobility/CMakeFiles/libmobility-obj.dir/model/constant-acceleration-mobility-model.cc.o
[209/390] Building CXX object src/internet/CMakeFiles/libinternet-obj.dir/model/tcp-tx-item.cc.o
[210/390] Building CXX object src/internet/CMakeFiles/libinternet-obj.dir/model/tcp-scalable.cc.o
[211/390] Building CXX object src/internet/CMakeFiles/libinternet-obj.dir/model/udp-socket.cc.o
[212/390] Building CXX object src/mobility/CMakeFiles/libmobility-obj.dir/model/constant-velocity-mobility-model.cc.o
[213/390] Building CXX object src/internet/CMakeFiles/libinternet-obj.dir/model/tcp-bbr.cc.o
[214/390] Building CXX object src/internet/CMakeFiles/libinternet-obj.dir/model/tcp-dctcp.cc.o
[215/390] Building CXX object src/internet/CMakeFiles/libinternet-obj.dir/model/tcp-hybla.cc.o
[216/390] Building CXX object src/mobility/CMakeFiles/libmobility-obj.dir/model/constant-position-mobility-model.cc.o
[217/390] Building CXX object src/internet/CMakeFiles/libinternet-obj.dir/model/ndisc-cache.cc.o
[218/390] Building CXX object src/mobility/CMakeFiles/libmobility-obj.dir/model/constant-velocity-helper.cc.o
[219/390] Building CXX object src/internet/CMakeFiles/libinternet-obj.dir/model/tcp-socket.cc.o
[220/390] Building CXX object src/mobility/CMakeFiles/libmobility-obj.dir/helper/group-mobility-helper.cc.o
[221/390] Building CXX object src/mobility/CMakeFiles/libmobility-obj.dir/model/rectangle.cc.o
[222/390] Linking CXX shared library lib/libns3.40-core-debug.so
[223/390] Building CXX object src/mobility/CMakeFiles/libmobility-obj.dir/model/geographic-positions.cc.o
[224/390] Building CXX object src/internet/CMakeFiles/libinternet-obj.dir/model/tcp-veno.cc.o
[225/390] Building CXX object src/mobility/CMakeFiles/libmobility-obj.dir/model/gauss-markov-mobility-model.cc.o
[226/390] Building CXX object src/mobility/CMakeFiles/libmobility-obj.dir/model/waypoint.cc.o
[227/390] Building CXX object src/internet/CMakeFiles/libinternet-obj.dir/model/tcp-cubic.cc.o
[228/390] Building CXX object src/internet/CMakeFiles/libinternet-obj.dir/model/global-route-manager-impl.cc.o
[229/390] Building CXX object src/internet/CMakeFiles/libinternet-obj.dir/model/tcp-vegas.cc.o
[230/390] Building CXX object src/internet/CMakeFiles/libinternet-obj.dir/model/icmpv6-l4-protocol.cc.o
[231/390] Building CXX object src/internet/CMakeFiles/libinternet-obj.dir/model/tcp-yeah.cc.o
[232/390] Building CXX object src/mobility/CMakeFiles/libmobility-obj.dir/model/random-waypoint-mobility-model.cc.o
[233/390] Building CXX object src/internet/CMakeFiles/libinternet-obj.dir/model/tcp-rx-buffer.cc.o
[234/390] Building CXX object src/mobility/CMakeFiles/libmobility-obj.dir/model/random-direction-2d-mobility-model.cc.o
[235/390] Building CXX object src/network/CMakeFiles/libnetwork-obj.dir/model/tag-buffer.cc.o
[236/390] Building CXX object src/internet/CMakeFiles/libinternet-obj.dir/model/arp-l3-protocol.cc.o
[237/390] Building CXX object src/network/CMakeFiles/libnetwork-obj.dir/model/chunk.cc.o
[238/390] Building CXX object src/mobility/CMakeFiles/libmobility-obj.dir/model/random-walk-2d-mobility-model.cc.o
[239/390] Building CXX object src/mobility/CMakeFiles/libmobility-obj.dir/model/waypoint-mobility-model.cc.o
[240/390] Building CXX object src/network/CMakeFiles/libnetwork-obj.dir/helper/node-container.cc.o
[241/390] Building CXX object src/network/CMakeFiles/libnetwork-obj.dir/helper/application-container.cc.o
[242/390] Building CXX object src/network/CMakeFiles/libnetwork-obj.dir/model/application.cc.o
[243/390] Building CXX object src/mobility/CMakeFiles/libmobility-obj.dir/model/mobility-model.cc.o
[244/390] Building CXX object src/network/CMakeFiles/libnetwork-obj.dir/helper/net-device-container.cc.o
[245/390] Building CXX object src/network/CMakeFiles/libnetwork-obj.dir/model/channel.cc.o
[246/390] Building CXX object src/network/CMakeFiles/libnetwork-obj.dir/model/byte-tag-list.cc.o
[247/390] Building CXX object src/internet/CMakeFiles/libinternet-obj.dir/model/ipv6-static-routing.cc.o
[248/390] Building CXX object src/network/CMakeFiles/libnetwork-obj.dir/model/address.cc.o
[249/390] Linking CXX shared library lib/libns3.40-opengym-debug.so
[250/390] Building CXX object src/network/CMakeFiles/libnetwork-obj.dir/model/tag.cc.o
[251/390] Building CXX object src/network/CMakeFiles/libnetwork-obj.dir/helper/delay-jitter-estimation.cc.o
[252/390] Building CXX object src/network/CMakeFiles/libnetwork-obj.dir/utils/address-utils.cc.o
[253/390] Building CXX object src/network/CMakeFiles/libnetwork-obj.dir/utils/bit-serializer.cc.o
[254/390] Building CXX object src/internet/CMakeFiles/libinternet-obj.dir/model/tcp-rate-ops.cc.o
[255/390] Building CXX object src/network/CMakeFiles/libnetwork-obj.dir/helper/packet-socket-helper.cc.o
[256/390] Building CXX object src/mobility/CMakeFiles/libmobility-obj.dir/model/steady-state-random-waypoint-mobility-model.cc.o
[257/390] Building CXX object src/network/CMakeFiles/libnetwork-obj.dir/model/header.cc.o
[258/390] Building CXX object src/network/CMakeFiles/libnetwork-obj.dir/model/channel-list.cc.o
[259/390] Building CXX object src/network/CMakeFiles/libnetwork-obj.dir/model/nix-vector.cc.o
[260/390] Building CXX object src/network/CMakeFiles/libnetwork-obj.dir/utils/bit-deserializer.cc.o
[261/390] Building CXX object src/network/CMakeFiles/libnetwork-obj.dir/model/buffer.cc.o
[262/390] Building CXX object src/network/CMakeFiles/libnetwork-obj.dir/model/packet-tag-list.cc.o
[263/390] Building CXX object src/network/CMakeFiles/libnetwork-obj.dir/utils/data-rate.cc.o
[264/390] Building CXX object src/network/CMakeFiles/libnetwork-obj.dir/model/net-device.cc.o
[265/390] Building CXX object src/network/CMakeFiles/libnetwork-obj.dir/model/socket-factory.cc.o
[266/390] Building CXX object src/network/CMakeFiles/libnetwork-obj.dir/model/trailer.cc.o
[267/390] Building CXX object src/network/CMakeFiles/libnetwork-obj.dir/utils/inet-socket-address.cc.o
[268/390] Building CXX object src/network/CMakeFiles/libnetwork-obj.dir/utils/inet6-socket-address.cc.o
[269/390] Building CXX object src/internet/CMakeFiles/libinternet-obj.dir/model/tcp-westwood-plus.cc.o
[270/390] Building CXX object src/mobility/CMakeFiles/libmobility-obj.dir/helper/mobility-helper.cc.o
[271/390] Building CXX object src/mtp/CMakeFiles/libmtp-obj.dir/model/mtp-interface.cc.o
[272/390] Building CXX object src/network/CMakeFiles/libnetwork-obj.dir/utils/flow-id-tag.cc.o
[273/390] Building CXX object src/mobility/CMakeFiles/libmobility-obj.dir/helper/ns2-mobility-helper.cc.o
[274/390] Building CXX object src/internet/CMakeFiles/libinternet-obj.dir/model/ipv6-extension.cc.o
[275/390] Building CXX object src/mobility/CMakeFiles/libmobility-obj.dir/model/position-allocator.cc.o
[276/390] Building CXX object src/mobility/CMakeFiles/libmobility-obj.dir/model/hierarchical-mobility-model.cc.o
[277/390] Building CXX object src/internet/CMakeFiles/libinternet-obj.dir/model/rip.cc.o
[278/390] Building CXX object src/network/CMakeFiles/libnetwork-obj.dir/utils/ethernet-trailer.cc.o
[279/390] Building CXX object src/network/CMakeFiles/libnetwork-obj.dir/utils/ipv4-address.cc.o
[280/390] Building CXX object src/network/CMakeFiles/libnetwork-obj.dir/model/packet-metadata.cc.o
[281/390] Building CXX object src/internet/CMakeFiles/libinternet-obj.dir/model/ripng.cc.o
[282/390] Building CXX object src/network/CMakeFiles/libnetwork-obj.dir/utils/llc-snap-header.cc.o
[283/390] Building CXX object src/network/CMakeFiles/libnetwork-obj.dir/utils/output-stream-wrapper.cc.o
[284/390] Building CXX object src/network/CMakeFiles/libnetwork-obj.dir/utils/drop-tail-queue.cc.o
[285/390] Building CXX object contrib/opengym/examples/CMakeFiles/lark-tcp.dir/lark-tcp/sim.cc.o
[286/390] Building CXX object src/network/CMakeFiles/libnetwork-obj.dir/model/socket.cc.o
[287/390] Building CXX object src/network/CMakeFiles/libnetwork-obj.dir/utils/error-channel.cc.o
[288/390] Building CXX object src/network/CMakeFiles/libnetwork-obj.dir/utils/packet-burst.cc.o
[289/390] Building CXX object src/network/CMakeFiles/libnetwork-obj.dir/utils/queue-limits.cc.o
[290/390] Building CXX object src/network/CMakeFiles/libnetwork-obj.dir/utils/mac8-address.cc.o
[291/390] Building CXX object src/mtp/CMakeFiles/libmtp-obj.dir/model/logical-process.cc.o
[292/390] Building CXX object src/network/CMakeFiles/libnetwork-obj.dir/utils/sll-header.cc.o
[293/390] Building CXX object src/network/CMakeFiles/libnetwork-obj.dir/utils/mac16-address.cc.o
[294/390] Building CXX object src/network/CMakeFiles/libnetwork-obj.dir/utils/ethernet-header.cc.o
[295/390] Building CXX object src/network/CMakeFiles/libnetwork-obj.dir/utils/queue-item.cc.o
[296/390] Building CXX object src/internet/CMakeFiles/libinternet-obj.dir/model/udp-l4-protocol.cc.o
[297/390] Building CXX object src/internet/CMakeFiles/libinternet-obj.dir/model/tcp-l4-protocol.cc.o
[298/390] Building CXX object src/network/CMakeFiles/libnetwork-obj.dir/utils/queue-size.cc.o
[299/390] Building CXX object src/internet/CMakeFiles/libinternet-obj.dir/model/tcp-tx-buffer.cc.o
[300/390] Building CXX object src/network/CMakeFiles/libnetwork-obj.dir/utils/mac64-address.cc.o
[301/390] Building CXX object src/network/CMakeFiles/libnetwork-obj.dir/utils/ipv6-address.cc.o
[302/390] Building CXX object src/network/CMakeFiles/libnetwork-obj.dir/utils/timestamp-tag.cc.o
[303/390] Building CXX object src/network/CMakeFiles/libnetwork-obj.dir/utils/pcap-file.cc.o
[304/390] Building CXX object src/network/CMakeFiles/libnetwork-obj.dir/utils/packet-socket-address.cc.o
[305/390] Building CXX object src/network/CMakeFiles/libnetwork-obj.dir/model/node-list.cc.o
[306/390] Building CXX object src/stats/CMakeFiles/libstats-obj.dir/model/get-wildcard-matches.cc.o
[307/390] Building CXX object src/network/CMakeFiles/libnetwork-obj.dir/utils/mac48-address.cc.o
[308/390] Building CXX object src/network/CMakeFiles/libnetwork-obj.dir/utils/pcap-file-wrapper.cc.o
[309/390] Building CXX object src/mtp/CMakeFiles/libmtp-obj.dir/model/multithreaded-simulator-impl.cc.o
[310/390] Building CXX object src/network/CMakeFiles/libnetwork-obj.dir/utils/error-model.cc.o
[311/390] Building CXX object src/internet/CMakeFiles/libinternet-obj.dir/helper/internet-stack-helper.cc.o
[312/390] Building CXX object src/point-to-point/CMakeFiles/libpoint-to-point-obj.dir/model/ppp-header.cc.o
[313/390] Building CXX object src/network/CMakeFiles/libnetwork-obj.dir/utils/dynamic-queue-limits.cc.o
[314/390] Building CXX object src/network/CMakeFiles/libnetwork-obj.dir/utils/packet-data-calculators.cc.o
[315/390] Building CXX object src/network/CMakeFiles/libnetwork-obj.dir/utils/packet-socket-factory.cc.o
[316/390] Building CXX object src/stats/CMakeFiles/libstats-obj.dir/model/basic-data-calculators.cc.o
[317/390] Building CXX object src/network/CMakeFiles/libnetwork-obj.dir/model/packet.cc.o
[318/390] Building CXX object src/network/CMakeFiles/libnetwork-obj.dir/utils/radiotap-header.cc.o
[319/390] Building CXX object src/network/CMakeFiles/libnetwork-obj.dir/utils/net-device-queue-interface.cc.o
[320/390] Building CXX object src/stats/CMakeFiles/libstats-obj.dir/model/data-output-interface.cc.o
[321/390] Building CXX object src/stats/CMakeFiles/libstats-obj.dir/model/data-collection-object.cc.o
[322/390] Building CXX object src/stats/CMakeFiles/libstats-obj.dir/model/data-calculator.cc.o
[323/390] Building CXX object src/stats/CMakeFiles/libstats-obj.dir/model/gnuplot.cc.o
[324/390] Building CXX object src/stats/CMakeFiles/libstats-obj.dir/model/data-collector.cc.o
[325/390] Building CXX object src/stats/CMakeFiles/libstats-obj.dir/model/file-aggregator.cc.o
[326/390] Building CXX object src/stats/CMakeFiles/libstats-obj.dir/model/probe.cc.o
[327/390] Building CXX object src/network/CMakeFiles/libnetwork-obj.dir/helper/trace-helper.cc.o
[328/390] Building CXX object src/stats/CMakeFiles/libstats-obj.dir/model/omnet-data-output.cc.o
[329/390] Building CXX object src/stats/CMakeFiles/libstats-obj.dir/model/gnuplot-aggregator.cc.o
[330/390] Building CXX object src/internet/CMakeFiles/libinternet-obj.dir/model/tcp-socket-state.cc.o
[331/390] Building CXX object src/stats/CMakeFiles/libstats-obj.dir/model/time-data-calculators.cc.o
[332/390] Building CXX object src/stats/CMakeFiles/libstats-obj.dir/model/histogram.cc.o
[333/390] Building CXX object src/traffic-control/CMakeFiles/libtraffic-control-obj.dir/helper/queue-disc-container.cc.o
[334/390] Building CXX object src/network/CMakeFiles/libnetwork-obj.dir/utils/simple-channel.cc.o
[335/390] Building CXX object src/point-to-point/CMakeFiles/libpoint-to-point-obj.dir/model/point-to-point-channel.cc.o
[336/390] Building CXX object src/traffic-control/CMakeFiles/libtraffic-control-obj.dir/model/packet-filter.cc.o
[337/390] Building CXX object src/network/CMakeFiles/libnetwork-obj.dir/utils/packet-probe.cc.o
[338/390] Building CXX object src/stats/CMakeFiles/libstats-obj.dir/model/time-series-adaptor.cc.o
[339/390] Building CXX object src/network/CMakeFiles/libnetwork-obj.dir/utils/packet-socket-server.cc.o
[340/390] Building CXX object src/network/CMakeFiles/libnetwork-obj.dir/utils/packet-socket.cc.o
[341/390] Building CXX object src/stats/CMakeFiles/libstats-obj.dir/model/boolean-probe.cc.o
[342/390] Building CXX object src/traffic-control/CMakeFiles/libtraffic-control-obj.dir/model/fifo-queue-disc.cc.o
[343/390] Building CXX object src/traffic-control/CMakeFiles/libtraffic-control-obj.dir/model/mq-queue-disc.cc.o
[344/390] Building CXX object src/network/CMakeFiles/libnetwork-obj.dir/utils/packet-socket-client.cc.o
[345/390] Building CXX object src/network/CMakeFiles/libnetwork-obj.dir/utils/simple-net-device.cc.o
[346/390] Building CXX object src/stats/CMakeFiles/libstats-obj.dir/model/uinteger-32-probe.cc.o
[347/390] Building CXX object src/traffic-control/CMakeFiles/libtraffic-control-obj.dir/model/prio-queue-disc.cc.o
[348/390] Building CXX object src/stats/CMakeFiles/libstats-obj.dir/model/uinteger-8-probe.cc.o
[349/390] Building CXX object src/point-to-point-layout/CMakeFiles/libpoint-to-point-layout-obj.dir/model/point-to-point-star.cc.o
[350/390] Building CXX object src/network/CMakeFiles/libnetwork-obj.dir/helper/simple-net-device-helper.cc.o
[351/390] Building CXX object src/stats/CMakeFiles/libstats-obj.dir/model/uinteger-16-probe.cc.o
[352/390] Building CXX object src/traffic-control/CMakeFiles/libtraffic-control-obj.dir/model/pie-queue-disc.cc.o
[353/390] Building CXX object src/stats/CMakeFiles/libstats-obj.dir/model/double-probe.cc.o
[354/390] Building CXX object src/network/CMakeFiles/libnetwork-obj.dir/model/node.cc.o
[355/390] Building CXX object src/point-to-point/CMakeFiles/libpoint-to-point-obj.dir/model/point-to-point-net-device.cc.o
[356/390] Building CXX object src/point-to-point-layout/CMakeFiles/libpoint-to-point-layout-obj.dir/model/point-to-point-grid.cc.o
[357/390] Building CXX object src/network/CMakeFiles/libnetwork-obj.dir/utils/packetbb.cc.o
[358/390] Building CXX object src/stats/CMakeFiles/libstats-obj.dir/model/time-probe.cc.o
[359/390] Building CXX object src/network/CMakeFiles/libnetwork-obj.dir/utils/queue.cc.o
[360/390] Building CXX object src/traffic-control/CMakeFiles/libtraffic-control-obj.dir/model/pfifo-fast-queue-disc.cc.o
[361/390] Building CXX object src/stats/CMakeFiles/libstats-obj.dir/helper/gnuplot-helper.cc.o
[362/390] Building CXX object src/point-to-point-layout/CMakeFiles/libpoint-to-point-layout-obj.dir/model/point-to-point-dumbbell.cc.o
[363/390] Building CXX object src/point-to-point/CMakeFiles/libpoint-to-point-obj.dir/helper/point-to-point-helper.cc.o
[364/390] Building CXX object src/traffic-control/CMakeFiles/libtraffic-control-obj.dir/helper/traffic-control-helper.cc.o
[365/390] Building CXX object src/traffic-control/CMakeFiles/libtraffic-control-obj.dir/model/codel-queue-disc.cc.o
[366/390] Building CXX object src/traffic-control/CMakeFiles/libtraffic-control-obj.dir/model/tbf-queue-disc.cc.o
[367/390] Building CXX object src/traffic-control/CMakeFiles/libtraffic-control-obj.dir/model/fq-codel-queue-disc.cc.o
[368/390] Building CXX object src/traffic-control/CMakeFiles/libtraffic-control-obj.dir/model/fq-cobalt-queue-disc.cc.o
[369/390] Building CXX object src/stats/CMakeFiles/libstats-obj.dir/helper/file-helper.cc.o
[370/390] Building CXX object src/traffic-control/CMakeFiles/libtraffic-control-obj.dir/model/cobalt-queue-disc.cc.o
[371/390] Building CXX object src/traffic-control/CMakeFiles/libtraffic-control-obj.dir/model/fq-pie-queue-disc.cc.o
[372/390] Building CXX object src/internet/CMakeFiles/libinternet-obj.dir/model/udp-socket-impl.cc.o
[373/390] Building CXX object src/traffic-control/CMakeFiles/libtraffic-control-obj.dir/model/red-queue-disc.cc.o
[374/390] Linking CXX shared library lib/libns3.40-stats-debug.so
[375/390] Building CXX object src/traffic-control/CMakeFiles/libtraffic-control-obj.dir/model/traffic-control-layer.cc.o
[376/390] Building CXX object src/internet/CMakeFiles/libinternet-obj.dir/model/ipv4-l3-protocol.cc.o
[377/390] Linking CXX shared library lib/libns3.40-network-debug.so
[378/390] Linking CXX shared library lib/libns3.40-bridge-debug.so
[379/390] Linking CXX shared library lib/libns3.40-mtp-debug.so
[380/390] Linking CXX shared library lib/libns3.40-point-to-point-debug.so
[381/390] Linking CXX shared library lib/libns3.40-mobility-debug.so
[382/390] Building CXX object src/internet/CMakeFiles/libinternet-obj.dir/model/ipv6-l3-protocol.cc.o
[383/390] Building CXX object src/traffic-control/CMakeFiles/libtraffic-control-obj.dir/model/queue-disc.cc.o
[384/390] Linking CXX shared library lib/libns3.40-traffic-control-debug.so
[385/390] Building CXX object src/internet/CMakeFiles/libinternet-obj.dir/model/tcp-socket-base.cc.o
[386/390] Linking CXX shared library lib/libns3.40-internet-debug.so
[387/390] Linking CXX shared library lib/libns3.40-point-to-point-layout-debug.so
[388/390] Linking CXX shared library lib/libns3.40-flow-monitor-debug.so
[389/390] Linking CXX shared library lib/libns3.40-applications-debug.so
[390/390] Linking CXX executable contrib/opengym/examples/ns3.40-lark-tcp-debug
Ns3Env parameters:
--openGymPort: No OpenGym
--seed: 42
--Tcp version: ns3::TcpNewReno
--Queue size: 100 packets (150000 bytes), BDP=5624 bytes
TCP Flow 1 Src Addr: 10.1.1.1 Dst Addr: 10.2.1.1
Time Last Rx Packet: 20.1
Time First Tx Packet: 0
Tx Packets Count: 1149429
Rx Packets Count: 1144934
Loss Rate: 0.368531%
Throughput: 679.896 Mbps
TCP Flow 2 Src Addr: 10.2.1.1 Dst Addr: 10.1.1.1
Time Last Rx Packet: 20.1
Time First Tx Packet: 9.278e-06
Tx Packets Count: 588112
Rx Packets Count: 588111
Loss Rate: 0%
Throughput: 12.3929 Mbps
TCP Flow 3 Src Addr: 10.1.2.1 Dst Addr: 10.2.2.1
Time Last Rx Packet: 20.1
Time First Tx Packet: 0.1
Tx Packets Count: 1218947
Rx Packets Count: 1218605
Loss Rate: 0.00680916%
Throughput: 727.263 Mbps
TCP Flow 4 Src Addr: 10.2.2.1 Dst Addr: 10.1.2.1
Time Last Rx Packet: 20.1
Time First Tx Packet: 0.100487
Tx Packets Count: 616497
Rx Packets Count: 616496
Loss Rate: 0%
Throughput: 12.8822 Mbps
TCP Flow 5 Src Addr: 10.1.3.1 Dst Addr: 10.2.3.1
Time Last Rx Packet: 20.1
Time First Tx Packet: 0.2
Tx Packets Count: 1208493
Rx Packets Count: 1208191
Loss Rate: 0.00148946%
Throughput: 724.671 Mbps
TCP Flow 6 Src Addr: 10.2.3.1 Dst Addr: 10.1.3.1
Time Last Rx Packet: 20.1
Time First Tx Packet: 0.200492
Tx Packets Count: 610100
Rx Packets Count: 610100
Loss Rate: 0%
Throughput: 12.7928 Mbps
TCP Flow 7 Src Addr: 10.1.1.1 Dst Addr: 10.2.1.1
Time Last Rx Packet: 20.1
Time First Tx Packet: 1.00001
Tx Packets Count: 937499
Rx Packets Count: 896399
Loss Rate: 4.12939%
Throughput: 394.979 Mbps
RxPkts:
---SinkId: 0 RxPkts: 1113949
---SinkId: 1 RxPkts: 1204284
---SinkId: 2 RxPkts: 1196184
Total Rx Bytes Count: 1644956640
